// Jest Snapshot v1, https://goo.gl/fbAQLP

exports[`renders correctly 1`] = `
<RCTScrollView>
  <View>
    <View
      style={
        Object {
          "padding": 20,
        }
      }
    >
      <Text
        accessible={true}
        allowFontScaling={true}
        disabled={false}
        ellipsizeMode="tail"
        style={
          Object {
            "fontSize": 20,
            "marginBottom": 20,
          }
        }
      >
        Find campsites near you in New South Wales, Australia. It covers camping on public, common land such as National Parks, State Forests and Local Council land.
      </Text>
      <Text
        accessible={true}
        allowFontScaling={true}
        disabled={false}
        ellipsizeMode="tail"
        style={
          Object {
            "fontSize": 20,
            "marginBottom": 20,
          }
        }
      >
        It works 
        <Text
          accessible={true}
          allowFontScaling={true}
          disabled={false}
          ellipsizeMode="tail"
          style={
            Object {
              "fontWeight": "bold",
            }
          }
        >
          completely offline
        </Text>
        , even when you're far far away from a mobile phone tower. When does that ever happen while camping?
      </Text>
      <Text
        accessible={true}
        allowFontScaling={true}
        disabled={false}
        ellipsizeMode="tail"
        style={
          Object {
            "fontSize": 20,
            "marginBottom": 20,
          }
        }
      >
        Designed and developed by Matthew Landauer. Icon design by Gabriel Clark and Joanna Hill.
      </Text>
      <Text
        accessible={true}
        allowFontScaling={true}
        disabled={false}
        ellipsizeMode="tail"
        style={
          Object {
            "fontSize": 20,
            "marginBottom": 20,
          }
        }
      >
        We want to hear from you. To 
        <Text
          accessible={true}
          allowFontScaling={true}
          disabled={false}
          ellipsizeMode="tail"
          style={
            Object {
              "fontWeight": "bold",
            }
          }
        >
          suggest an improvement
        </Text>
         or 
        <Text
          accessible={true}
          allowFontScaling={true}
          disabled={false}
          ellipsizeMode="tail"
          style={
            Object {
              "fontWeight": "bold",
            }
          }
        >
          report a problem
        </Text>
         simply shake your phone while you're on the relevant page.
      </Text>
      <View>
        <TextInput
          onChangeText={[Function]}
          secureTextEntry={true}
          style={
            Object {
              "marginBottom": 20,
            }
          }
        />
      </View>
    </View>
  </View>
</RCTScrollView>
`;
